// Jest Snapshot v1, https://goo.gl/fbAQLP

exports[`check types 1`] = `
Array [
  "build",
  "ci",
  "docs",
  "feat",
  "fix",
  "perf",
  "refactor",
  "revert",
  "style",
  "test",
  "chore",
  "wip",
]
`;
